{"operation": "get", "items_per_request": 1, "clients": 1, "elapsed_s": 5.0, "completed": 1398, "errors": 0, "first_error": null, "ops_per_s": 279.56, "items_per_s": 279.56, "mean_ms": 3.58, "p50_ms": 2.42, "p95_ms": 9.81, "p99_ms": 18.8}
{"operation": "get", "items_per_request": 1, "clients": 8, "elapsed_s": 5.01, "completed": 2541, "errors": 0, "first_error": null, "ops_per_s": 507.24, "items_per_s": 507.24, "mean_ms": 15.74, "p50_ms": 11.36, "p95_ms": 30.47, "p99_ms": 71.22}
{"operation": "query", "items_per_request": 1, "clients": 1, "elapsed_s": 5.0, "completed": 1907, "errors": 0, "first_error": null, "ops_per_s": 381.05, "items_per_s": 381.05, "mean_ms": 2.62, "p50_ms": 1.86, "p95_ms": 5.52, "p99_ms": 13.14}
{"operation": "query", "items_per_request": 1, "clients": 8, "elapsed_s": 5.01, "completed": 3057, "errors": 0, "first_error": null, "ops_per_s": 610.54, "items_per_s": 610.54, "mean_ms": 13.08, "p50_ms": 10.48, "p95_ms": 29.65, "p99_ms": 52.03}
{"operation": "scan", "items_per_request": 1, "clients": 1, "elapsed_s": 5.0, "completed": 1839, "errors": 0, "first_error": null, "ops_per_s": 367.69, "items_per_s": 367.69, "mean_ms": 2.72, "p50_ms": 2.1, "p95_ms": 6.65, "p99_ms": 11.03}
{"operation": "scan", "items_per_request": 1, "clients": 8, "elapsed_s": 5.0, "completed": 3776, "errors": 0, "first_error": null, "ops_per_s": 754.88, "items_per_s": 754.88, "mean_ms": 10.59, "p50_ms": 8.56, "p95_ms": 25.21, "p99_ms": 38.19}
{"operation": "batch_get", "items_per_request": 2, "clients": 1, "elapsed_s": 5.0, "completed": 936, "errors": 0, "first_error": null, "ops_per_s": 187.15, "items_per_s": 374.3, "mean_ms": 5.34, "p50_ms": 4.02, "p95_ms": 12.96, "p99_ms": 19.41}
{"operation": "batch_get", "items_per_request": 2, "clients": 8, "elapsed_s": 5.01, "completed": 2895, "errors": 0, "first_error": null, "ops_per_s": 578.24, "items_per_s": 1156.48, "mean_ms": 13.82, "p50_ms": 11.35, "p95_ms": 28.67, "p99_ms": 50.73}
{"operation": "transact_get", "items_per_request": 2, "clients": 1, "elapsed_s": 5.01, "completed": 861, "errors": 0, "first_error": null, "ops_per_s": 171.78, "items_per_s": 343.57, "mean_ms": 5.82, "p50_ms": 3.3, "p95_ms": 18.75, "p99_ms": 37.54}
{"operation": "transact_get", "items_per_request": 2, "clients": 8, "elapsed_s": 5.01, "completed": 2370, "errors": 0, "first_error": null, "ops_per_s": 473.26, "items_per_s": 946.52, "mean_ms": 16.87, "p50_ms": 14.16, "p95_ms": 33.01, "p99_ms": 57.61}
{"operation": "describe_table", "items_per_request": 0, "clients": 1, "elapsed_s": 5.01, "completed": 1296, "errors": 0, "first_error": null, "ops_per_s": 258.86, "items_per_s": 0.0, "mean_ms": 3.86, "p50_ms": 2.53, "p95_ms": 10.4, "p99_ms": 25.92}
{"operation": "describe_table", "items_per_request": 0, "clients": 8, "elapsed_s": 5.01, "completed": 2047, "errors": 0, "first_error": null, "ops_per_s": 408.94, "items_per_s": 0.0, "mean_ms": 19.52, "p50_ms": 15.54, "p95_ms": 45.37, "p99_ms": 81.94}
{"operation": "list_tables", "items_per_request": 0, "clients": 1, "elapsed_s": 5.0, "completed": 1796, "errors": 0, "first_error": null, "ops_per_s": 359.12, "items_per_s": 0.0, "mean_ms": 2.78, "p50_ms": 2.12, "p95_ms": 5.47, "p99_ms": 13.81}
{"operation": "list_tables", "items_per_request": 0, "clients": 8, "elapsed_s": 5.02, "completed": 2493, "errors": 0, "first_error": null, "ops_per_s": 496.83, "items_per_s": 0.0, "mean_ms": 16.05, "p50_ms": 11.48, "p95_ms": 35.28, "p99_ms": 126.37}
{"operation": "put", "items_per_request": 1, "clients": 1, "elapsed_s": 5.02, "completed": 464, "errors": 0, "first_error": null, "ops_per_s": 92.52, "items_per_s": 92.52, "mean_ms": 10.8, "p50_ms": 4.84, "p95_ms": 30.0, "p99_ms": 64.34}
{"operation": "put", "items_per_request": 1, "clients": 8, "elapsed_s": 5.01, "completed": 274, "errors": 0, "first_error": null, "ops_per_s": 54.71, "items_per_s": 54.71, "mean_ms": 145.99, "p50_ms": 79.97, "p95_ms": 311.05, "p99_ms": 1633.93}
{"operation": "update", "items_per_request": 1, "clients": 1, "elapsed_s": 5.0, "completed": 286, "errors": 0, "first_error": null, "ops_per_s": 57.18, "items_per_s": 57.18, "mean_ms": 17.49, "p50_ms": 8.24, "p95_ms": 58.88, "p99_ms": 113.28}
{"operation": "update", "items_per_request": 1, "clients": 8, "elapsed_s": 5.17, "completed": 243, "errors": 0, "first_error": null, "ops_per_s": 47.02, "items_per_s": 47.02, "mean_ms": 168.57, "p50_ms": 140.05, "p95_ms": 380.32, "p99_ms": 762.03}
{"operation": "delete_missing", "items_per_request": 1, "clients": 1, "elapsed_s": 5.0, "completed": 427, "errors": 0, "first_error": null, "ops_per_s": 85.32, "items_per_s": 85.32, "mean_ms": 11.71, "p50_ms": 6.38, "p95_ms": 38.59, "p99_ms": 70.44}
{"operation": "delete_missing", "items_per_request": 1, "clients": 8, "elapsed_s": 5.03, "completed": 1242, "errors": 0, "first_error": null, "ops_per_s": 246.95, "items_per_s": 246.95, "mean_ms": 32.29, "p50_ms": 18.61, "p95_ms": 104.49, "p99_ms": 166.01}
{"operation": "batch_write", "items_per_request": 2, "clients": 1, "elapsed_s": 5.01, "completed": 157, "errors": 0, "first_error": null, "ops_per_s": 31.34, "items_per_s": 62.69, "mean_ms": 31.85, "p50_ms": 19.65, "p95_ms": 78.07, "p99_ms": 145.62}
{"operation": "batch_write", "items_per_request": 2, "clients": 8, "elapsed_s": 5.08, "completed": 164, "errors": 0, "first_error": null, "ops_per_s": 32.28, "items_per_s": 64.55, "mean_ms": 244.75, "p50_ms": 156.92, "p95_ms": 329.08, "p99_ms": 1988.06}
{"operation": "transact_write", "items_per_request": 2, "clients": 1, "elapsed_s": 5.01, "completed": 85, "errors": 0, "first_error": null, "ops_per_s": 16.97, "items_per_s": 33.93, "mean_ms": 58.93, "p50_ms": 27.15, "p95_ms": 126.79, "p99_ms": 276.1}
{"operation": "transact_write", "items_per_request": 2, "clients": 8, "elapsed_s": 5.15, "completed": 675, "errors": 0, "first_error": null, "ops_per_s": 131.07, "items_per_s": 262.15, "mean_ms": 60.13, "p50_ms": 41.7, "p95_ms": 170.65, "p99_ms": 282.78}
